current directory: /home/wonjun/jekyll-cv/vendor/bundle/ruby/3.4.0/gems/json-2.16.0/ext/json/ext/parser
/usr/bin/ruby extconf.rb
checking for rb_enc_interned_str() in ruby/encoding.h... yes
checking for rb_str_to_interned_str() in ruby.h... yes
checking for rb_hash_new_capa() in ruby.h... yes
checking for rb_hash_bulk_insert() in ruby.h... yes
checking for strnlen() in string.h... yes
checking for whether -std=c99 is accepted as CFLAGS... yes
checking for x86intrin.h... yes
checking for cpuid.h... yes
creating Makefile

current directory: /home/wonjun/jekyll-cv/vendor/bundle/ruby/3.4.0/gems/json-2.16.0/ext/json/ext/parser
make DESTDIR\= sitearchdir\=./.gem.20251118-948477-vpznfj sitelibdir\=./.gem.20251118-948477-vpznfj clean

current directory: /home/wonjun/jekyll-cv/vendor/bundle/ruby/3.4.0/gems/json-2.16.0/ext/json/ext/parser
make DESTDIR\= sitearchdir\=./.gem.20251118-948477-vpznfj sitelibdir\=./.gem.20251118-948477-vpznfj
compiling parser.c
linking shared-object json/ext/parser.so

current directory: /home/wonjun/jekyll-cv/vendor/bundle/ruby/3.4.0/gems/json-2.16.0/ext/json/ext/parser
make DESTDIR\= sitearchdir\=./.gem.20251118-948477-vpznfj sitelibdir\=./.gem.20251118-948477-vpznfj install
/usr/bin/install -c -m 0755 parser.so ./.gem.20251118-948477-vpznfj/json/ext

current directory: /home/wonjun/jekyll-cv/vendor/bundle/ruby/3.4.0/gems/json-2.16.0/ext/json/ext/parser
make DESTDIR\= sitearchdir\=./.gem.20251118-948477-vpznfj sitelibdir\=./.gem.20251118-948477-vpznfj clean
